Using default attention!

Processing Question 1/60: What is the color of the cat's fur?
 >>>>>>>>>>>>>>>>>>>>>>>>>>>>>>
>>> (Token count: 23)

Model Output: ['The cat in the picture has a mix of gray and black fur, with some orange patches on its chest.']

Processing Question 2/60: How many different fur colors are visible on the cat?
 >>>>>>>>>>>>>>>>>>>>>>>>>>>>>>
>>> (Token count: 48)

Model Output: ["The cat in the picture appears to have three different fur colors: grey, black, and white. The majority of the cat's body is grey, with a black patch on its chest and white markings around its paws and chin."]

Processing Question 3/60: Where is the cat sitting?
 >>>>>>>>>>>>>>>>>>>>>>>>>>>>>>
>>> (Token count: 51)

Model Output: ['The cat is sitting on a chair with a padded seat. The chair appears to be made of wood and has a dark-colored cushion. The cat is positioned in such a way that it is looking slightly upwards, possibly at someone or something above it.']

Processing Question 4/60: What material does the chair seem to be made of?
 >>>>>>>>>>>>>>>>>>>>>>>>>>>>>>
>>> (Token count: 50)

Model Output: ['The chair appears to be made of wood, as indicated by the visible grain and texture of the material in the image. The seat cushion looks like it could be made of a synthetic material, possibly foam covered with a fabric or leather-like upholstery.']

Processing Question 5/60: What color are the cat's eyes?
 >>>>>>>>>>>>>>>>>>>>>>>>>>>>>>
>>> (Token count: 13)

Model Output: ["The cat's eyes appear to be green in the image."]

Processing Question 6/60: Is the cat looking directly at the camera?
 >>>>>>>>>>>>>>>>>>>>>>>>>>>>>>
>>> (Token count: 39)

Model Output: ["No, the cat is not looking directly at the camera. The cat's eyes are slightly off to the side, and it appears to be looking in a direction that is not straight ahead."]

Processing Question 7/60: Does the cat appear to be relaxed or alert?
 >>>>>>>>>>>>>>>>>>>>>>>>>>>>>>
>>> (Token count: 59)

Model Output: ["The cat appears to be alert. Its ears are perked up, and its eyes are wide open, which are typical signs of attentiveness. The cat's posture, with its front paws stretched out in front, also suggests it is not overly relaxed but rather engaged with its surroundings."]

Processing Question 8/60: What do you think the darker patch on the cat's head and body indicates?
 >>>>>>>>>>>>>>>>>>>>>>>>>>>>>>
>>> (Token count: 231)

Model Output: ["The darker patch on the cat's head and body could indicate several things, but it is likely related to its fur pattern or coloration. Here are some possibilities:\n\n1. **Natural Fur Pattern**: Many cats have distinct patterns in their fur, which can include areas of darker fur compared to the rest of their coat. This is common in breeds like the Russian Blue or American Shorthair.\n\n2. **Genetics**: The darker patches might be due to genetic factors that determine the distribution of pigment in the fur.\n\n3. **Age or Health**: Sometimes, older cats may develop darker fur as they age. However, without additional information, itâ€™s hard to determine if this change is due to aging or another health issue.\n\n4. **Seasonal Changes**: Some cats' coats can darken during certain times of the year, especially when they shed and grow new fur.\n\nGiven that the cat looks healthy and there are no other signs of illness or distress, the darker patch is most likely just a part of its natural appearance. If you're concerned about the cat's health, it would be best to consult with a veterinarian for a professional opinion."]

Processing Question 9/60: Does the chair have armrests?
 >>>>>>>>>>>>>>>>>>>>>>>>>>>>>>
>>> (Token count: 61)

Model Output: ["The image shows a cat sitting on a chair, but there is no visible evidence of armrests in the image. The chair appears to be a simple, basic design without any armrests. However, it's possible that the armrests are out of frame or obscured by the cat."]

Processing Question 10/60: Can you see the cat's tail? If so, in what position is it?
 >>>>>>>>>>>>>>>>>>>>>>>>>>>>>>
>>> (Token count: 38)

Model Output: ["Yes, I can see the cat's tail in the image. The tail appears to be curved and is positioned above the cat's back, extending towards the upper left of the frame."]

Processing Question 11/60: Does the image suggest it was taken indoors or outdoors?
 >>>>>>>>>>>>>>>>>>>>>>>>>>>>>>
>>> (Token count: 71)

Model Output: ["The image suggests it was taken outdoors. The lighting appears to be natural, and the background shows a wooden structure that looks like part of an outdoor furniture set, which is typically not found indoors. Additionally, the cat's relaxed posture on what seems to be a cushioned chair implies a casual, outdoor setting where pets are more likely to be found."]

Processing Question 12/60: How many legs of the cat are visible?
 >>>>>>>>>>>>>>>>>>>>>>>>>>>>>>
>>> (Token count: 31)

Model Output: ["In the picture, three legs of the cat are visible. The front paws and one back paw can be seen resting on the chair's seat."]

Processing Question 13/60: What might the cat be thinking or feeling?
 >>>>>>>>>>>>>>>>>>>>>>>>>>>>>>
>>> (Token count: 151)

Model Output: ["Cats can be quite expressive, and while we can't know exactly what they're thinking, their body language and posture often provide clues about how they feel. In this image:\n\n- The cat is sitting upright with its front paws stretched out and its back legs extended, which could indicate curiosity or attentiveness.\n- Its gaze appears focused and alert, suggesting it may be watching something of interest or paying attention to its surroundings.\n\nThese behaviors might suggest that the cat is feeling curious or interested in something off-camera. Cats often sit in high places like chairs to observe their environment, so it's possible that the cat has noticed something that caught its attention. However, without more context, it's hard to determine the exact thought process behind these actions."]

Processing Question 14/60: What details stand out in the texture of the cat's fur?
 >>>>>>>>>>>>>>>>>>>>>>>>>>>>>>
>>> (Token count: 99)

Model Output: ['The cat in the image has a sleek, short-haired coat with a mix of dark gray and black fur. The texture appears smooth and well-groomed, with no visible mats or knots. The fur looks dense, particularly around the chest area where it seems slightly lighter with hints of orange or cream, indicating a possible patch of lighter fur within the otherwise dark coat. The ears are pointed, and the overall look is neat and healthy, suggesting that this cat is well-cared for.']

Processing Question 15/60: What is the condition of the wooden parts of the chair?
 >>>>>>>>>>>>>>>>>>>>>>>>>>>>>>
>>> (Token count: 100)

Model Output: ["The wooden parts of the chair appear to be in good condition. The wood shows no significant signs of wear, damage, or rot. The grain and texture of the wood are visible, suggesting it has been well-maintained. There are no visible cracks, splinters, or areas where the paint or finish has peeled off, which further indicates that the chair is in decent condition. However, without a closer inspection, it's difficult to determine if there are any hidden issues beneath the surface."]

Processing Question 16/60: Can you see any visible patterns or markings on the cat?
 >>>>>>>>>>>>>>>>>>>>>>>>>>>>>>
>>> (Token count: 53)

Model Output: ['The cat in the image has a solid gray coat with some lighter and darker shades of gray, and there appears to be a small patch of white or light fur near its chest. There are no distinct patterns such as stripes or spots visible on this particular cat.']

Processing Question 17/60: From the position of the shadows, what time of day might this be?
 >>>>>>>>>>>>>>>>>>>>>>>>>>>>>>
>>> (Token count: 81)

Model Output: ["The shadows in the image appear to be relatively short and directly underneath the cat and chair. This suggests that the sun is quite high in the sky, which typically occurs around midday. Therefore, it is likely that the photo was taken around noon or early afternoon. However, without knowing the exact geographic location and the direction the photo was taken, it's difficult to determine the precise time with certainty."]

Processing Question 18/60: Is the surface the cat is sitting on padded?
 >>>>>>>>>>>>>>>>>>>>>>>>>>>>>>
>>> (Token count: 36)

Model Output: ['Yes, the surface the cat is sitting on appears to be padded. The cat is resting on what looks like a cushioned chair seat, which is likely padded for comfort.']

Processing Question 19/60: What color is the padded part of the chair?
 >>>>>>>>>>>>>>>>>>>>>>>>>>>>>>
>>> (Token count: 17)

Model Output: ['The padded part of the chair appears to be dark brown or black in color.']

Processing Question 20/60: Does the cat appear well-fed?
 >>>>>>>>>>>>>>>>>>>>>>>>>>>>>>
>>> (Token count: 34)

Model Output: ['It is ambiguous whether the cat appears well-fed in the image. The cat may be well-fed, but it could also be of an average weight or underfed.']

Processing Question 21/60: Are the cat's ears relaxed or pointed?
 >>>>>>>>>>>>>>>>>>>>>>>>>>>>>>
>>> (Token count: 8)

Model Output: ["The cat's ears are pointed."]

Processing Question 22/60: Is there any visible wear or damage on the chair?
 >>>>>>>>>>>>>>>>>>>>>>>>>>>>>>
>>> (Token count: 35)

Model Output: ['Yes, there is visible wear or damage on the chair. There appears to be a noticeable red mark or stain on the cushion of the chair where the cat is sitting.']

Processing Question 23/60: Are there any highlights in the cat's fur?
 >>>>>>>>>>>>>>>>>>>>>>>>>>>>>>
>>> (Token count: 53)

Model Output: ["Yes, there appear to be some highlights in the cat's fur. The cat has a mix of gray and black fur, with some lighter areas that could be considered highlights. These lighter areas are particularly noticeable on its chest and the tips of its paws."]

Processing Question 24/60: How does the cat's expression contribute to the overall tone of the image?
 >>>>>>>>>>>>>>>>>>>>>>>>>>>>>>
>>> (Token count: 124)

Model Output: ['The cat in the image has a somewhat stern or aloof expression, with its gaze directed upwards and slightly away from the camera. This posture can create an air of mystery or curiosity. The light green eyes add a touch of intrigue, while the relaxed yet alert body language suggests that the cat is comfortable but not necessarily friendly or approachable at this moment. Overall, the tone of the image feels quiet and contemplative, inviting viewers to wonder about what the cat might be thinking or observing. It conveys a sense of independence and self-assurance, typical of cats who are used to being the center of attention.']

Processing Question 25/60: Does the background provide any clues about the setting?
 >>>>>>>>>>>>>>>>>>>>>>>>>>>>>>
>>> (Token count: 101)

Model Output: ["The background in the image shows wooden furniture, likely an outdoor or patio setting due to the visible structure and what appears to be a table leg in the upper right corner. The cat is sitting on a cushioned seat, which could suggest it's part of a patio set used for relaxation or dining. The lighting and shadows indicate that the photo was taken outdoors during the daytime. These elements together suggest the cat might be in a backyard, porch, or similar outdoor area where humans and pets often interact."]

Processing Question 26/60: Do the colors in the image complement each other?
 >>>>>>>>>>>>>>>>>>>>>>>>>>>>>>
>>> (Token count: 108)

Model Output: ["The image features a gray cat sitting on a dark brown chair. The color of the cat's fur is a soft gray, which complements the dark brown tone of the chair. The contrast between the two colors creates a visually pleasing effect, making the cat stand out against the chair. The greenish-yellow eyes of the cat add an interesting accent that stands out against the darker background. Overall, the colors in the image do complement each other well, with the cat's fur and the chair's color creating a harmonious visual composition."]

Processing Question 27/60: Is the photo focused more on the cat or the surroundings?
 >>>>>>>>>>>>>>>>>>>>>>>>>>>>>>
>>> (Token count: 54)

Model Output: ['The photo is primarily focused on the cat, as it is in sharp focus and occupies a central position in the frame. The background, including the wooden chair and the surrounding area, appears slightly out of focus, which draws attention to the cat as the main subject.']

Processing Question 28/60: If you could add something to this image, what would it be?
 >>>>>>>>>>>>>>>>>>>>>>>>>>>>>>
>>> (Token count: 152)

Model Output: ['Adding something to the image could involve enhancing the visual appeal or context of the scene. Here are a few ideas:\n\n1. **A small toy or treat** - Adding a small toy or a treat next to the cat could make the scene more engaging and lively.\n2. **A cozy blanket** - A soft blanket draped over the chair could create a warm, homey feel for the cat.\n3. **A background detail** - Including some background elements like a window, a plant, or a piece of art could provide more context and depth to the photo.\n4. **Text or a caption** - Adding a humorous caption or a description of the scene could add personality to the image.\n\nWhat do you think would enhance the image the most?']

Processing Question 29/60: Does this cat resemble any breed you recognize?
 >>>>>>>>>>>>>>>>>>>>>>>>>>>>>>
>>> (Token count: 83)

Model Output: ["The cat in the picture appears to be a domestic shorthair, which is a common and diverse type of cat that can be found in various colors and patterns. The specific breed cannot be determined with certainty without more detailed information about the cat's lineage or physical characteristics. However, the overall appearance, including the body shape, fur texture, and facial features, suggests it could be a domestic shorthair."]

Processing Question 30/60: How does the lighting highlight the cat's features?
 >>>>>>>>>>>>>>>>>>>>>>>>>>>>>>
>>> (Token count: 96)

Model Output: ["The lighting in the image creates subtle highlights on the cat's fur, emphasizing its texture and color. The natural light appears to be coming from above and slightly behind the cat, casting soft shadows that accentuate the contours of its body and facial features. This lighting also brings out the cat's greenish eyes, making them stand out against its gray fur. The contrast between the light and shadow enhances the cat's expression, giving it a more lifelike and vibrant appearance."]

Processing Question 31/60: What color is the cat in the image?
 >>>>>>>>>>>>>>>>>>>>>>>>>>>>>>
>>> (Token count: 21)

Model Output: ['The cat in the image has a gray coat with some white markings on its chest and paws.']

Processing Question 32/60: Is the cat sitting or lying down in the image?
 >>>>>>>>>>>>>>>>>>>>>>>>>>>>>>
>>> (Token count: 34)

Model Output: ['The cat is sitting on the chair in the image, not lying down. Its body posture and the way it is resting on the seat indicate that it is sitting.']

Processing Question 33/60: What is the texture of the chair that the cat is on?
 >>>>>>>>>>>>>>>>>>>>>>>>>>>>>>
>>> (Token count: 61)

Model Output: ["The chair that the cat is on has a cushioned, padded texture. The surface appears to be upholstered with a fabric or material that provides comfort and support for the cat's body. The padding looks soft and plush, which is typical for furniture designed to be comfortable for people and animals alike."]

Processing Question 34/60: Does the cat appear relaxed or alert?
 >>>>>>>>>>>>>>>>>>>>>>>>>>>>>>
>>> (Token count: 42)

Model Output: ['The cat appears to be alert. Its ears are perked up, and its eyes are wide open, which are common signs of alertness in cats. The body posture also seems attentive rather than relaxed.']

Processing Question 35/60: How many colors can you observe in the cat's fur?
 >>>>>>>>>>>>>>>>>>>>>>>>>>>>>>
>>> (Token count: 32)

Model Output: ['The cat in the picture appears to have three main colors in its fur: gray, black, and a small patch of orange or cream on its chest.']

Processing Question 36/60: What material does the seat of the chair appear to be made of?
 >>>>>>>>>>>>>>>>>>>>>>>>>>>>>>
>>> (Token count: 59)

Model Output: ['The seat of the chair appears to be made of a synthetic or plastic material, possibly vinyl or a similar substance, as it has a matte finish and a consistent texture that is typical for such materials. The color is dark, which is common for these types of materials used in outdoor furniture.']

Processing Question 37/60: Does the chair look like it's indoors or outdoors?
 >>>>>>>>>>>>>>>>>>>>>>>>>>>>>>
>>> (Token count: 44)

Model Output: ['The chair appears to be outdoors. The lighting and shadows suggest natural light, which is more common in outdoor settings. Additionally, the background hints at an outdoor environment with what looks like pavement and possibly some greenery.']

Processing Question 38/60: What color are the cat's eyes?
 >>>>>>>>>>>>>>>>>>>>>>>>>>>>>>
>>> (Token count: 13)

Model Output: ["The cat's eyes appear to be green in the picture."]

Processing Question 39/60: What expression does the cat have on its face?
 >>>>>>>>>>>>>>>>>>>>>>>>>>>>>>
>>> (Token count: 60)

Model Output: ["The cat in the picture appears to have a somewhat serious or contemplative expression. Its eyes are wide and alert, but there's no obvious sign of playfulness or distress. The overall impression is one of calm attentiveness, as if it is observing something intently or perhaps waiting for someone."]

Processing Question 40/60: Are the cat's ears pointed forward or back?
 >>>>>>>>>>>>>>>>>>>>>>>>>>>>>>
>>> (Token count: 9)

Model Output: ["The cat's ears are pointed back."]

Processing Question 41/60: Is the chair on which the cat is lying padded or solid?
 >>>>>>>>>>>>>>>>>>>>>>>>>>>>>>
>>> (Token count: 45)

Model Output: ['The chair appears to be padded, as indicated by the visible cushioned seat on which the cat is lying. The cushion looks soft and is likely designed for comfort, which is common in chairs meant for sitting with animals.']

Processing Question 42/60: Can you see the full body of the cat, or is part of it cropped out of the frame?
 >>>>>>>>>>>>>>>>>>>>>>>>>>>>>>
>>> (Token count: 59)

Model Output: ["The image shows the cat from its back to its front legs, but the rest of its body, including its tail and hindquarters, appears to be cropped out of the frame. The cat is sitting on a chair, and only the portion that fits within the image's boundaries is visible."]

Processing Question 43/60: Is the lighting in the image natural or artificial?
 >>>>>>>>>>>>>>>>>>>>>>>>>>>>>>
>>> (Token count: 80)

Model Output: ['The lighting in the image appears to be natural. The shadows and highlights on the cat and the chair suggest that the light source is coming from above, which is typical of natural daylight. There are no harsh shadows or stark contrasts that would indicate artificial lighting. Additionally, the overall softness of the colors and the even distribution of light also support the idea that the image was taken in natural light.']

Processing Question 44/60: Does the chair have armrests?
 >>>>>>>>>>>>>>>>>>>>>>>>>>>>>>
>>> (Token count: 42)

Model Output: ['No, the chair in the picture does not appear to have armrests. The visible part of the chair shows only the backrest and seat, with no indication of armrests on either side.']

Processing Question 45/60: What is the condition of the chair â€” rustic or modern?
 >>>>>>>>>>>>>>>>>>>>>>>>>>>>>>
>>> (Token count: 45)

Model Output: ['The chair in the image appears to be rustic. This can be inferred from the wooden construction and the design, which seems to have an older, more natural look rather than sleek, contemporary lines typically associated with modern furniture.']

Processing Question 46/60: How is the cat's tail positioned?
 >>>>>>>>>>>>>>>>>>>>>>>>>>>>>>
>>> (Token count: 20)

Model Output: ["The cat's tail is curled around its body, hanging down to the side of the chair."]

Processing Question 47/60: Is there any visible wear or damage on the chair?
 >>>>>>>>>>>>>>>>>>>>>>>>>>>>>>
>>> (Token count: 80)

Model Output: ["Yes, there appears to be some visible wear or damage on the chair. Specifically, there is a noticeable scratch or mark on the seat of the chair near the left side of the cat's paw. Additionally, the wood around the edge of the seat seems slightly worn or aged, which could also indicate some wear over time. However, the overall condition of the chair does not seem severely damaged."]

Processing Question 48/60: Is the cat's fur a single uniform color or multi-colored?
 >>>>>>>>>>>>>>>>>>>>>>>>>>>>>>
>>> (Token count: 41)

Model Output: ["The cat's fur appears to be multi-colored. While the primary color is a dark gray, there are also patches of lighter gray and some orange or cream-colored fur on its chest and paws."]

Processing Question 49/60: Are the cat's claws visible in the image?
 >>>>>>>>>>>>>>>>>>>>>>>>>>>>>>
>>> (Token count: 41)

Model Output: ["No, the cat's claws are not visible in this image. The cat appears to be relaxed with its paws stretched out on the chair, but the claws are likely retracted or tucked away."]

Processing Question 50/60: What season might it be, based on the setting and lighting?
 >>>>>>>>>>>>>>>>>>>>>>>>>>>>>>
>>> (Token count: 88)

Model Output: ["The image shows a cat sitting on a chair outdoors. The presence of sunlight and shadows suggests that it is daytime. However, there are no visible seasonal indicators such as snow, leaves, or flowers in the background, which makes it difficult to determine the specific season. The lighting appears to be natural daylight, but without more context about the location or time of year, it's not possible to accurately guess the season from this photo alone."]

Processing Question 51/60: Does the backdrop give a sense of the environment being urban or rural?
 >>>>>>>>>>>>>>>>>>>>>>>>>>>>>>
>>> (Token count: 89)

Model Output: ["The image shows a cat sitting on a chair, but it doesn't provide enough information to definitively determine whether the setting is urban or rural. The chair and wooden bench suggest an outdoor seating area, which could be found in either an urban park or a rural countryside. Without additional context like surrounding buildings, landscape features, or people in the scene, it's not possible to make a definitive judgment about the environment based solely on this image."]

Processing Question 52/60: Is there any visible pattern on the seat of the chair?
 >>>>>>>>>>>>>>>>>>>>>>>>>>>>>>
>>> (Token count: 47)

Model Output: ['No, there is no visible pattern on the seat of the chair. The seat appears to be a solid color, likely brown or dark brown, with a smooth surface. There are no distinct patterns or designs present on the seat.']

Processing Question 53/60: How does the texture of the cat's fur appear in the photograph?
 >>>>>>>>>>>>>>>>>>>>>>>>>>>>>>
>>> (Token count: 76)

Model Output: ["The cat's fur appears to have a soft and slightly fluffy texture, as is typical for many domestic cats. The fur seems to be well-groomed, with individual hairs standing out slightly, giving it a textured look. The lighting in the photo highlights the cat's fur, making its texture more visible, particularly around the edges and the areas where the light catches it."]

Processing Question 54/60: What could be the cat's approximate age based on its appearance?
 >>>>>>>>>>>>>>>>>>>>>>>>>>>>>>
>>> (Token count: 179)

Model Output: ["Determining a cat's exact age from just an image can be challenging, but certain physical and behavioral clues might offer some insight:\n\n1. **Eyes**: The cat in the photo has bright, alert eyes which may suggest it is relatively young or in good health.\n2. **Coat Condition**: The coat looks smooth and healthy, which is more typical of younger cats.\n3. **Size and Build**: While this photo doesn't show the full body, the cat appears to have a lean and agile build, which might suggest it is not an older adult.\n\nBased on these observations, the cat could likely be anywhere from 2 to 5 years old. However, without more specific details about its size, weight, and behavior, it's difficult to make a precise determination. A vet can provide a more accurate assessment if you're concerned about the cat's age or health."]

Processing Question 55/60: What is the dominant color of the cat's surroundings in the image?
 >>>>>>>>>>>>>>>>>>>>>>>>>>>>>>
>>> (Token count: 30)

Model Output: ["The dominant color of the cat's surroundings in the image appears to be brown, as the chair and the wooden structure around it are predominantly brown."]

Processing Question 56/60: Does the seating angle give the impression that the chair is tilted?
 >>>>>>>>>>>>>>>>>>>>>>>>>>>>>>
>>> (Token count: 69)

Model Output: ["The image does not provide enough information to determine whether the chair is tilted or not. The chair appears to be a standard flat surface, and the angle of the cat on the seat does not suggest any tilt in the chair itself. The chair's backrest is also aligned horizontally, which further supports the idea that the chair is not tilted."]

Processing Question 57/60: Is the cat directly looking at the camera?
 >>>>>>>>>>>>>>>>>>>>>>>>>>>>>>
>>> (Token count: 37)

Model Output: ['No, the cat is not directly looking at the camera. It appears to be looking slightly off to the side, with its eyes focused on something out of frame to the right.']

Processing Question 58/60: Are there any visible objects in the background apart from the cat and chair?
 >>>>>>>>>>>>>>>>>>>>>>>>>>>>>>
>>> (Token count: 64)

Model Output: ['No, there are no other visible objects in the background of this image apart from the cat and the chair it is sitting on. The focus is primarily on the cat, and the background appears to be outdoors with some indistinct shapes that might be part of the surroundings but are not clearly identifiable as distinct objects.']

Processing Question 59/60: Does the image convey a calm or lively mood?
 >>>>>>>>>>>>>>>>>>>>>>>>>>>>>>
>>> (Token count: 67)

Model Output: ['The image of the cat sitting on the chair conveys a calm mood. The cat appears relaxed and comfortable, with no signs of agitation or distress. Its posture is laid-back, and its gaze is steady but not overly focused, suggesting a peaceful demeanor. The lighting and the overall setting also contribute to an atmosphere of tranquility.']

Processing Question 60/60: What might the cat be thinking based on its facial expression?
 >>>>>>>>>>>>>>>>>>>>>>>>>>>>>>
>>> (Token count: 111)

Model Output: ['Based on the cat\'s facial expression, it appears to be looking directly at the camera with a somewhat intense or curious expression. Cats often have wide, bright eyes when they\'re alert or interested in something. The cat\'s ears may also be slightly perked up, indicating attentiveness. It could be thinking, "I wonder what that is?" or "This human seems curious about me." Cats are naturally inquisitive creatures and may also be assessing their surroundings for potential prey or threats, but this particular expression suggests more curiosity than fear or aggression.']
average_tokens : 63.083333333333336
